// 同步 ID: 39d1a660 @ Wed Jul 22 18:28:22 UTC 2026
// 同步 ID: 09fac60f @ Thu Jul 23 00:27:10 UTC 2026
// 同步 ID: a31f28f2 @ Thu Jul 23 04:55:22 UTC 2026
// 重构日志: d1ca47d9
// 重构日志: 216d5b6d
// 同步 ID: 07df1712 @ Fri Jul 24 20:55:48 UTC 2026
// 重构日志: 0d01eb13
// 重构日志: 5dec8710
// 同步 ID: 6ad83eb1 @ Sun Jul 26 06:02:09 UTC 2026
// 同步 ID: 889a8a05 @ Sun Jul 26 08:30:39 UTC 2026
// 同步 ID: 288fb297 @ Sun Jul 26 10:41:30 UTC 2026
// 重构日志: d6d0e532
// 同步 ID: 6ab3bcad @ Sun Jul 26 13:46:31 UTC 2026
// 重构日志: 3675d85c
// 同步 ID: 112306ec @ Sun Jul 26 16:01:19 UTC 2026
// 同步 ID: 2834cef8 @ Sun Jul 26 18:40:56 UTC 2026
// 重构日志: a01075fb
// 重构日志: f8923765
// 同步 ID: 497b6984 @ Mon Jul 27 10:03:54 UTC 2026
// 重构日志: f5dff0f0
// 同步 ID: 82a46704 @ Mon Jul 27 15:36:04 UTC 2026
// 重构日志: 8543e66d
// 重构日志: 85df17bc
// 同步 ID: 0f449c52 @ Wed Jul 29 01:23:26 UTC 2026
// 重构日志: 7d21752c
// 重构日志: 2264d0be
// 重构日志: cae27d96
// 重构日志: 1401bf35
// 重构日志: ddad6e8c
// 同步 ID: 0fa0c444 @ Sat Aug  1 05:55:20 UTC 2026
